// Jest Snapshot v1, https://goo.gl/fbAQLP

exports[`SegmentedPicker component should properly render SegmentedPicker compared to snapshot 1`] = `
<div>
  <div
    class="container controls-container"
    style="--highlight-width: 0px; --highlight-x-pos: 0px;"
  >
    <div
      class="controls idle"
    >
      <div
        class="segment active"
      >
        <input
          checked=""
          id="Option 1"
          name="test-picker"
          type="radio"
          value="option1"
        />
        <label
          for="Option 1"
        >
          Option 1
        </label>
      </div>
      <div
        class="segment inactive"
      >
        <input
          id="Option 2"
          name="test-picker"
          type="radio"
          value="option2"
        />
        <label
          for="Option 2"
        >
          Option 2
        </label>
      </div>
      <div
        class="segment inactive"
      >
        <input
          id="Option 3"
          name="test-picker"
          type="radio"
          value="option3"
        />
        <label
          for="Option 3"
        >
          Option 3
        </label>
      </div>
    </div>
  </div>
</div>
`;
